// Jest Snapshot v1, https://goo.gl/fbAQLP

exports[`renders homepage unchanged 1`] = `
<div
  className="NavBar"
>
  <div
    style={
      Object {
        "cursor": "pointer",
      }
    }
  >
    <div
      onClick={[Function]}
      onMouseEnter={[Function]}
    >
      Search
    </div>
    <div
      onClick={[Function]}
      onMouseEnter={[Function]}
    >
      Favorite
    </div>
  </div>
</div>
`;
